|--------------------------------------------|
|- ispLEVER Fitter Report File              -|
|- Version 2.1.00.02.49.20                       -|
|- (c)Copyright, Lattice Semiconductor 2002 -|
|--------------------------------------------|




Project_Summary
~~~~~~~~~~~~~~~

Project Name :          latch_decode
Project Path :          D:\Lab8\lever
Project Fitted on :     Tue Mar 26 14:53:13 2024

Device :                M4A5-64/32
Package :               44PLCC
Speed :                 -10
Partnumber :            M4A5-64/32-10JC
Source Format :         EDIF


// Project 'latch_decode' was Fitted Successfully! //


Compilation_Times
~~~~~~~~~~~~~~~~~
Reading/DRC                                   0 sec
Partition                                     0 sec
Place                                         0 sec
Route                                         0 sec
Jedec/Report generation                       0 sec
                                         --------
Fitter                                   00:00:00


Design_Summary
~~~~~~~~~~~~~~
  Total Input Pins :                  6
  Total Output Pins :                 8
  Total Bidir I/O Pins :              0
  Total Flip-Flops :                  3
  Total Product Terms :              11
  Total Reserved Pins :               0
  Total Reserved Blocks :             0


Device_Resource_Summary
~~~~~~~~~~~~~~~~~~~~~~~
                                 Total
                               Available  Used  Available  Utilization
Dedicated Pins
  Input-Only Pins                ..       ..     ..    -->    ..
  Clock/Input Pins                2        0      2    -->     0%
I/O Pins                         32       14     18    -->    43%
Logic Macrocells                 64       11     53    -->    17%
  Input Registers                32        0     32    -->     0%
  Unusable Macrocells            ..        0     ..

CSM Outputs/Total Block Inputs  132       11    121    -->     8%
Logical Product Terms           320       11    309    -->     3%
Product Term Clusters            64        3     61    -->     4%


Blocks_Resource_Summary
~~~~~~~~~~~~~~~~~~~~~~~
                                                                  # of PT  
                   I/O    Inp    Macrocells   Macrocells   logic  clusters 
          Fanin    Pins   Reg   Used Unusable  available    PTs   available  Pwr
---------------------------------------------------------------------------------
Maximum     33      8      8     --     --         16       80       16       -
---------------------------------------------------------------------------------
Block  A     2      3      0      1      0         15        1       16       Hi 
Block  B     2      3      0      1      0         15        1       16       Hi 
Block  C     2      0      0      1      0         15        1       16       Hi 
Block  D     5      8      0      8      0          8        8       16       Hi 
---------------------------------------------------------------------------------

<Note> Four rightmost columns above reflect last status of the placement process.
<Note> Pwr (Power) : Hi = High
                     Lo = Low.


Optimizer_and_Fitter_Options
~~~~~~~~~~~~~~~~~~~~~~~~~~~~
Pin Assignment :                       Yes
Group Assignment :                     No
Pin Reservation :                      No (1)
Block Reservation :                    No

@Ignore_Project_Constraints :
  Pin Assignments :                    No
      Keep Block Assignment            --
      Keep Segment Assignment          --
  Group Assignments :                  No
  Macrocell Assignment :               No
      Keep Block Assignment            --
      Keep Segment Assignment          --

@Backannotate_Project_Constraints
  Pin Assignments :                    No
  Pin And Block Assignments :          No
  Pin, Macrocell and Block :           No

@Timing_Constraints :                  No

@Global_Project_Optimization :
  Balanced Partitioning :              Yes
  Spread Placement :                   Yes

  Note :
    Pack Design :
       Balanced Partitioning = No
       Spread Placement      = No
    Spread Design :
       Balanced Partitioning = Yes
       Spread Placement      = Yes

@Logic_Synthesis :
  Logic Reduction :                    Yes
  Node Collapsing :                    Yes
  D/T Synthesis :                      Yes
  Clock Optimization :                 No
  Input Register Optimization :        Yes
  XOR Synthesis :                      Yes
  Max. P-Term for Collapsing :         16
  Max. P-Term for Splitting :          16
  Max. Equation Fanin :                32
  Keep Xor :                           Yes

@Utilization_options
  Max. % of macrocells used :          100
  Max. % of block inputs used :        100
  Max. % of segment lines used :       ---
  Max. % of macrocells used :          ---


@Import_Source_Constraint_Option       No

@Zero_Hold_Time                        No

@Pull_up                               No

@User_Signature                        #H0

@Output_Slew_Rate                      Default = Fast(2)

@Power                                 Default = High(2)


Device Options:
<Note> 1 : Reserved unused I/Os can be independently driven to Low or High, and does not
           follow the drive level set for the Global Configure Unused I/O Option.
<Note> 2 : For user-specified constraints on individual signals, refer to the Output, 
           Bidir and Burried Signal Lists.




Pinout_Listing
~~~~~~~~~~~~~~
      | Pin  |Blk |Assigned|
Pin No| Type |Pad |Pin     | Signal name
---------------------------------------------------------------
    1 |  GND |    |        |
    2 |  I_O | A7 |   *    |a_2_
3     |  I_O | A6 |   *    |a_1_
4     |  I_O | A5 |   *    |a_0_
5     |  I_O | A4 |        |
6     |  I_O | A3 |        |
7     |  I_O | A2 |        |
8     |  I_O | A1 |        |
9     |  I_O | A0 |        |
10    | JTAG |    |        |
11    | CkIn |    |        |
12    |  GND |    |        |
13    | JTAG |    |        |
14    |  I_O | B0 |   *    |e1_bar
15    |  I_O | B1 |   *    |e2
16    |  I_O | B2 |   *    |le_bar
17    |  I_O | B3 |        |
18    |  I_O | B4 |        |
19    |  I_O | B5 |        |
20    |  I_O | B6 |        |
21    |  I_O | B7 |        |
22    |  Vcc |    |        |
23    |  GND |    |        |
24    |  I_O | C7 |        |
25    |  I_O | C6 |        |
26    |  I_O | C5 |        |
27    |  I_O | C4 |        |
28    |  I_O | C3 |        |
29    |  I_O | C2 |        |
30    |  I_O | C1 |        |
31    |  I_O | C0 |        |
32    | JTAG |    |        |
33    | CkIn |    |        |
34    |  GND |    |        |
35    | JTAG |    |        |
36    |  I_O | D0 |   *    |y_0_
37    |  I_O | D1 |   *    |y_1_
38    |  I_O | D2 |   *    |y_2_
39    |  I_O | D3 |   *    |y_3_
40    |  I_O | D4 |   *    |y_4_
41    |  I_O | D5 |   *    |y_5_
42    |  I_O | D6 |   *    |y_6_
43    |  I_O | D7 |   *    |y_7_
44    |  Vcc |    |        |

---------------------------------------------------------------------------

<Note> Blk Pad : This notation refers to the Block I/O pad number in the device.
<Note> Assigned Pin : user or dedicated input assignment (E.g. Clock pins).
<Note> Pin Type : 
           CkIn : Dedicated input or clock pin 
           CLK  : Dedicated clock pin
           INP  : Dedicated input pin
           JTAG : JTAG Control and test pin
           NC   : No connected



Input_Signal_List
~~~~~~~~~~~~~~~~~
                 P R
            Pin  r e O   Input 
Pin Blk PTs Type e s E   Fanout Pwr Slew      Signal 
----------------------------------------------------------------------
  4  A   .  I/O          --C-    Hi Fast      a_0_   
  3  A   .  I/O          -B--    Hi Fast      a_1_   
  2  A   .  I/O          A---    Hi Fast      a_2_   
 14  B   .  I/O          ---D    Hi Fast      e1_bar   
 15  B   .  I/O          ---D    Hi Fast      e2   
 16  B   .  I/O          ABC-    Hi Fast      le_bar   
----------------------------------------------------------------------

<Note> Power : Hi = High
               MH = Medium High
               ML = Medium Low
               Lo = Low



Output_Signal_List
~~~~~~~~~~~~~~~~~~
                 P R
            Pin  r e O   Output 
Pin Blk PTs Type e s E   Fanout Pwr Slew      Signal 
----------------------------------------------------------------------
 36  D   1  COM          ----    Hi Fast      y_0_   
 37  D   1  COM          ----    Hi Fast      y_1_   
 38  D   1  COM          ----    Hi Fast      y_2_   
 39  D   1  COM          ----    Hi Fast      y_3_   
 40  D   1  COM          ----    Hi Fast      y_4_   
 41  D   1  COM          ----    Hi Fast      y_5_   
 42  D   1  COM          ----    Hi Fast      y_6_   
 43  D   1  COM          ----    Hi Fast      y_7_   
----------------------------------------------------------------------

<Note> Power : Hi = High
               MH = Medium High
               ML = Medium Low
               Lo = Low



Bidir_Signal_List
~~~~~~~~~~~~~~~~~
                 P R
            Pin  r e O   Bidir 
Pin Blk PTs Type e s E   Fanout Pwr Slew      Signal 
----------------------------------------------------------------------
----------------------------------------------------------------------

<Note> Power : Hi = High
               MH = Medium High
               ML = Medium Low
               Lo = Low



Buried_Signal_List
~~~~~~~~~~~~~~~~~~
                 P R
            Pin  r e O   Node 
#Mc Blk PTs Type e s E   Fanout Pwr Slew      Signal 
----------------------------------------------------------------------
 C0  C   1  LAT  * *     ---D    Hi Fast      UUT1_o_0_   
 B0  B   1  LAT  * *     ---D    Hi Fast      UUT1_o_1_   
 A0  A   1  LAT  * *     ---D    Hi Fast      UUT1_o_2_   
----------------------------------------------------------------------

<Note> Power : Hi = High
               MH = Medium High
               ML = Medium Low
               Lo = Low




Signals_Fanout_List
~~~~~~~~~~~~~~~~~~~
Signal Source  :    Fanout List
-----------------------------------------------------------------------------
       a_2_{ B}:      UUT1_o_2_{ A}
     le_bar{ C}:      UUT1_o_0_{ C}      UUT1_o_1_{ B}      UUT1_o_2_{ A}
     e1_bar{ C}:           y_7_{ D}           y_6_{ D}           y_5_{ D}
               :           y_4_{ D}           y_3_{ D}           y_2_{ D}
               :           y_1_{ D}           y_0_{ D}
         e2{ C}:           y_7_{ D}           y_6_{ D}           y_5_{ D}
               :           y_4_{ D}           y_3_{ D}           y_2_{ D}
               :           y_1_{ D}           y_0_{ D}
       a_1_{ B}:      UUT1_o_1_{ B}
       a_0_{ B}:      UUT1_o_0_{ C}
  UUT1_o_0_{ D}:           y_7_{ D}           y_6_{ D}           y_5_{ D}
               :           y_4_{ D}           y_3_{ D}           y_2_{ D}
               :           y_1_{ D}           y_0_{ D}
  UUT1_o_1_{ C}:           y_7_{ D}           y_6_{ D}           y_5_{ D}
               :           y_4_{ D}           y_3_{ D}           y_2_{ D}
               :           y_1_{ D}           y_0_{ D}
  UUT1_o_2_{ B}:           y_7_{ D}           y_6_{ D}           y_5_{ D}
               :           y_4_{ D}           y_3_{ D}           y_2_{ D}
               :           y_1_{ D}           y_0_{ D}
-----------------------------------------------------------------------------

<Note> {.} : Indicates block location of signal


Set_Reset_Summary
~~~~~~~~~~~~~~~~~

Block  A
block level set pt   : 
block level reset pt : 
Equations :
|     |     |Block|Block| Signal
| Reg |Mode |Set  |Reset| Name
+-----+-----+-----+-----+------------------------
|  *  |  A  |     |     | UUT1_o_2_
|     |     |     |     | a_0_
|     |     |     |     | a_1_
|     |     |     |     | a_2_


Block  B
block level set pt   : 
block level reset pt : 
Equations :
|     |     |Block|Block| Signal
| Reg |Mode |Set  |Reset| Name
+-----+-----+-----+-----+------------------------
|  *  |  A  |     |     | UUT1_o_1_
|     |     |     |     | le_bar
|     |     |     |     | e2
|     |     |     |     | e1_bar


Block  C
block level set pt   : 
block level reset pt : 
Equations :
|     |     |Block|Block| Signal
| Reg |Mode |Set  |Reset| Name
+-----+-----+-----+-----+------------------------
|  *  |  A  |     |     | UUT1_o_0_


Block  D
block level set pt   : 
block level reset pt : 
Equations :
|     |     |Block|Block| Signal
| Reg |Mode |Set  |Reset| Name
+-----+-----+-----+-----+------------------------
|     |     |     |     | y_7_
|     |     |     |     | y_6_
|     |     |     |     | y_5_
|     |     |     |     | y_4_
|     |     |     |     | y_3_
|     |     |     |     | y_2_
|     |     |     |     | y_1_
|     |     |     |     | y_0_


<Note> (S) means the macrocell is configured in synchronous mode
       i.e. it uses the block-level set and reset pt.
       (A) means the macrocell is configured in asynchronous mode
       i.e. it can have its independant set or reset pt.
       (BS) means the block-level set pt is selected.
       (BR) means the block-level reset pt is selected.




BLOCK_A_LOGIC_ARRAY_FANIN
~~~~~~~~~~~~~~~~~~~~~~~~~
CSM             Signal    Source        CSM             Signal    Source
------------------------------------    ------------------------------------
mx A0             ...           ...     mx A17             ...           ...
mx A1             ...           ...     mx A18             ...           ...
mx A2             ...           ...     mx A19             ...           ...
mx A3             ...           ...     mx A20             ...           ...
mx A4             ...           ...     mx A21             ...           ...
mx A5             ...           ...     mx A22             ...           ...
mx A6          le_bar        pin 16     mx A23             ...           ...
mx A7             ...           ...     mx A24             ...           ...
mx A8            a_2_         pin 2     mx A25             ...           ...
mx A9             ...           ...     mx A26             ...           ...
mx A10             ...           ...     mx A27             ...           ...
mx A11             ...           ...     mx A28             ...           ...
mx A12             ...           ...     mx A29             ...           ...
mx A13             ...           ...     mx A30             ...           ...
mx A14             ...           ...     mx A31             ...           ...
mx A15             ...           ...     mx A32             ...           ...
mx A16             ...           ...
----------------------------------------------------------------------------


BLOCK_B_LOGIC_ARRAY_FANIN
~~~~~~~~~~~~~~~~~~~~~~~~~
CSM             Signal    Source        CSM             Signal    Source
------------------------------------    ------------------------------------
mx B0             ...           ...     mx B17             ...           ...
mx B1            a_1_         pin 3     mx B18             ...           ...
mx B2             ...           ...     mx B19             ...           ...
mx B3             ...           ...     mx B20             ...           ...
mx B4             ...           ...     mx B21             ...           ...
mx B5             ...           ...     mx B22             ...           ...
mx B6          le_bar        pin 16     mx B23             ...           ...
mx B7             ...           ...     mx B24             ...           ...
mx B8             ...           ...     mx B25             ...           ...
mx B9             ...           ...     mx B26             ...           ...
mx B10             ...           ...     mx B27             ...           ...
mx B11             ...           ...     mx B28             ...           ...
mx B12             ...           ...     mx B29             ...           ...
mx B13             ...           ...     mx B30             ...           ...
mx B14             ...           ...     mx B31             ...           ...
mx B15             ...           ...     mx B32             ...           ...
mx B16             ...           ...
----------------------------------------------------------------------------


BLOCK_C_LOGIC_ARRAY_FANIN
~~~~~~~~~~~~~~~~~~~~~~~~~
CSM             Signal    Source        CSM             Signal    Source
------------------------------------    ------------------------------------
mx C0             ...           ...     mx C17             ...           ...
mx C1             ...           ...     mx C18             ...           ...
mx C2             ...           ...     mx C19             ...           ...
mx C3             ...           ...     mx C20             ...           ...
mx C4             ...           ...     mx C21             ...           ...
mx C5             ...           ...     mx C22             ...           ...
mx C6          le_bar        pin 16     mx C23             ...           ...
mx C7             ...           ...     mx C24             ...           ...
mx C8             ...           ...     mx C25             ...           ...
mx C9             ...           ...     mx C26             ...           ...
mx C10             ...           ...     mx C27             ...           ...
mx C11             ...           ...     mx C28             ...           ...
mx C12            a_0_         pin 4     mx C29             ...           ...
mx C13             ...           ...     mx C30             ...           ...
mx C14             ...           ...     mx C31             ...           ...
mx C15             ...           ...     mx C32             ...           ...
mx C16             ...           ...
----------------------------------------------------------------------------


BLOCK_D_LOGIC_ARRAY_FANIN
~~~~~~~~~~~~~~~~~~~~~~~~~
CSM             Signal    Source        CSM             Signal    Source
------------------------------------    ------------------------------------
mx D0             ...           ...     mx D17             ...           ...
mx D1             ...           ...     mx D18             ...           ...
mx D2             ...           ...     mx D19             ...           ...
mx D3          e1_bar        pin 14     mx D20             ...           ...
mx D4             ...           ...     mx D21             ...           ...
mx D5       UUT1_o_1_     mcell  B0     mx D22             ...           ...
mx D6             ...           ...     mx D23             ...           ...
mx D7             ...           ...     mx D24             ...           ...
mx D8             ...           ...     mx D25             ...           ...
mx D9             ...           ...     mx D26             ...           ...
mx D10       UUT1_o_0_     mcell  C0     mx D27             ...           ...
mx D11             ...           ...     mx D28             ...           ...
mx D12              e2        pin 15     mx D29             ...           ...
mx D13       UUT1_o_2_     mcell  A0     mx D30             ...           ...
mx D14             ...           ...     mx D31             ...           ...
mx D15             ...           ...     mx D32             ...           ...
mx D16             ...           ...
----------------------------------------------------------------------------

<Note> CSM indicates the mux inputs from the Central Switch Matrix.
<Note> Source indicates where the signal comes from (pin or macrocell). 




PostFit_Equations
~~~~~~~~~~~~~~~~~


 P-Terms   Fan-in  Fan-out  Type  Name (attributes)
---------  ------  -------  ----  -----------------
   1          5        1    Pin   y_7_ 
   1          5        1    Pin   y_6_ 
   1          5        1    Pin   y_5_ 
   1          5        1    Pin   y_4_ 
   1          5        1    Pin   y_3_ 
   1          5        1    Pin   y_2_ 
   1          5        1    Pin   y_1_ 
   1          5        1    Pin   y_0_ 
   1          1        1    Node  UUT1_o_0_.D 
   1          1        1    Node  UUT1_o_0_.LH 
   1          1        1    Node  UUT1_o_1_.D 
   1          1        1    Node  UUT1_o_1_.LH 
   1          1        1    Node  UUT1_o_2_.D 
   1          1        1    Node  UUT1_o_2_.LH 
=========
  14                 P-Term Total: 14
                       Total Pins: 14
                      Total Nodes: 3
            Average P-Term/Output: 1


Equations:

y_7_ = (!e1_bar & e2 & UUT1_o_0_.Q & UUT1_o_1_.Q & UUT1_o_2_.Q);

y_6_ = (!e1_bar & e2 & !UUT1_o_0_.Q & UUT1_o_1_.Q & UUT1_o_2_.Q);

y_5_ = (!e1_bar & e2 & UUT1_o_0_.Q & !UUT1_o_1_.Q & UUT1_o_2_.Q);

y_4_ = (!e1_bar & e2 & !UUT1_o_0_.Q & !UUT1_o_1_.Q & UUT1_o_2_.Q);

y_3_ = (!e1_bar & e2 & UUT1_o_0_.Q & UUT1_o_1_.Q & !UUT1_o_2_.Q);

y_2_ = (!e1_bar & e2 & !UUT1_o_0_.Q & UUT1_o_1_.Q & !UUT1_o_2_.Q);

y_1_ = (!e1_bar & e2 & UUT1_o_0_.Q & !UUT1_o_1_.Q & !UUT1_o_2_.Q);

y_0_ = (!e1_bar & e2 & !UUT1_o_0_.Q & !UUT1_o_1_.Q & !UUT1_o_2_.Q);

UUT1_o_0_.D = (a_0_);

UUT1_o_0_.LH = (!le_bar);

UUT1_o_1_.D = (a_1_);

UUT1_o_1_.LH = (!le_bar);

UUT1_o_2_.D = (a_2_);

UUT1_o_2_.LH = (!le_bar);


Reverse-Polarity Equations:

